// Jest Snapshot v1, https://goo.gl/fbAQLP

exports[`renders overarching article block with images and texts 1`] = `
<div
  className="standard-article"
  id="articleContent"
>
  <div
    className="mock-class"
  >
    <img
      alt="mock alt"
      src="/mockSrc"
    />
    <span
      className="image-caption"
    >
      Mock caption
    </span>
  </div>
  <div
    className="text-wrapper"
  >
    <p
      className="paragraph-one"
    >
      Mock paragraph text
      ...more text
    </p>
    <h3
      className="header-three"
    >
      Mock subheader text
    </h3>
    <ul
      className="list-one"
    >
      <li>
        <span>
          list item 1
        </span>
      </li>
      <li>
        <span>
          list item 2
        </span>
      </li>
    </ul>
  </div>
</div>
`;
