// Jest Snapshot v1, https://goo.gl/fbAQLP

exports[`renders img tag with correct attributes 1`] = `
<img
  alt="Mock Image"
  src={undefined}
/>
`;
